#
# CDDL HEADER START
#
# The contents of this file are subject to the terms of the
# Common Development and Distribution License (the "License").
# You may not use this file except in compliance with the License.
#
# You can obtain a copy of the license at src/OPENSOLARIS.LICENSE
# or http://www.opensolaris.org/os/licensing.
# See the License for the specific language governing permissions
# and limitations under the License.
#
# When distributing Covered Code, include this CDDL HEADER in each
# file and include the License file at src/OPENSOLARIS.LICENSE.
# If applicable, add the following below this CDDL HEADER, with the
# fields enclosed by brackets "[]" replaced with your own identifying
# information: Portions Copyright [yyyy] [name of copyright owner]
#
# CDDL HEADER END
#

#
# Copyright (c) 2008 Sun Microsystems, Inc.  RESTRICTED RIGHTS LEGEND:
# Use, duplication, or disclosure by the Government is subject to
# restrictions as set forth in subparagraph (c)(1)(ii) of the Rights in
# Technical Data and Computer Software clause at DFARS 52.227-7013 and
# in similar clauses in the FAR and NASA FAR Supplement.
#
#
#       Copyright (C) 2008 Sun Microsystems, Inc.
#
# Keytable map (Type and Layout mapped to keytable_file)
########################################################################
# keytable.map
#
# The keytable map associates a keyboard with its corresponding keytable.
# Keytables are located in $OPENWINHOME/etc/keytables.
#
# The keyboard Type and Layout are generally obtained from the kernel using
# appropriate ioctl calls.  The keyboard Type is stored in a keyboard ROM.
# The keyboard Layout is determined by a DIP switch setting.
#
# Notes:
# To test a new keytable before installing it, copy it to $HOME/.keytable
# and start the server.  (Remember to remove $HOME/.keytable after testing.)
#
# Format of an entry:
# Type  Layout  Keytable_filename
#
Type    Layout  Filename
0	0	US4.kt			# Default keytable
#
3	0	US3.kt
#
# Type 4 Keyboards
#
4	0	US4.kt			# Sun US Type 4 keyboard
4	1	US4.kt			# Also Sun US Type 4 keyboard
4	2	FranceBelg4.kt
4	3	Canada4.kt
4	4	Denmark4.kt
4	5	Germany4.kt
4	6	Italy4.kt
4	7	Netherland4.kt
4	8	Norway4.kt
4	9	Portugal4.kt
4	10	SpainLatAm4.kt
4	11	SwedenFin4.kt
4	12	Switzer_Fr4.kt
4	13	Switzer_Ge4.kt
4	14	UK4.kt
4	16	Korea4.kt
4	17	Taiwan4.kt
#
# Uncomment either the PC compatible or Sun compatible layout
4	19	US101A_PC.kt		# Sun 101A -- PC compatible layout
#4	19	US101A_Sun.kt		# Sun 101A -- Sun compatible layout
#
4	32	Japan4.kt
#
# Type 5 Keyboards
#
# Type 5 keyboards identify themselves as type 4 for backward compatibility
#
4	33	US5.kt
4	34	US_UNIX5.kt
4	35	France5.kt
4	36	Denmark5.kt
4	37	Germany5.kt
4	38	Italy5.kt
4	39	Netherland5.kt
4	40	Norway5.kt
4	41	Portugal5.kt
4	42	Spain5.kt
4	43	Sweden5.kt
4	44	Switzer_Fr5.kt
4	45	Switzer_Ge5.kt
4	46	UK5.kt
4	47	Korea5.kt
4	48	Taiwan5.kt
4	49	Japan5.kt
4	50	Canada_Fr5.kt
4	51	Hungary5.kt
4	52	Poland5.kt
4	53	Czech5.kt
4	54	Russia5.kt
4	55	Latvia5.kt
4	57	Greece5.kt
4	59	Lithuania5.kt
4	63	Canada_Fr5_TBITS5.kt
4	56	TurkeyQ5.kt
4	58	Arabic5.kt
4	60	Belgian5.kt
4	62	TurkeyF5.kt
#
# Type 5 Hobo Keyboards
#
4	80	US5_Hobo.kt 		# US Layout for Hobo keyboard
4	81	US_UNIX5_Hobo.kt	# UNIX layout for Hobo keyboard
4	82	France5_Hobo.kt	
4	83	Denmark5_Hobo.kt
4	84	Germany5_Hobo.kt
4	85	Italy5_Hobo.kt
4	86	Netherland5_Hobo.kt
4	87	Norway5_Hobo.kt
4	88	Portugal5_Hobo.kt
4	89	Spain5_Hobo.kt
4	90	Sweden5_Hobo.kt
4	91	Switzer_Fr5_Hobo.kt
4	92	Switzer_Ge5_Hobo.kt
4	93	UK5_Hobo.kt
4	94	Korea5_Hobo.kt
4	95	Taiwan5_Hobo.kt
4	96	Japan5_Hobo.kt
4	97	Canada_Fr5_Hobo.kt
#
# Type 101 Keyboards (Solaris x86 Keyboards)
#
101	0	US101A_x86.kt
101	1	US101A_x86.kt
101	34	J3100_x86.kt
101	35	France_x86.kt
101	36	Denmark_x86.kt
101	37	Germany_x86.kt
101	38	Italy_x86.kt
101	39	Netherland_x86.kt
101	40	Norway_x86.kt
101	41	Portugal_x86.kt
101	42	Spain_x86.kt
101	43	Sweden_x86.kt
101	44	Switzer_Fr_x86.kt
101	45	Switzer_Ge_x86.kt
101	46	UK_x86.kt
101	47	Korea_x86.kt
101	48	Taiwan_x86.kt
101	49	Japan_x86.kt
101	50	Canada_Fr2_x86.kt
101	51	Hungary_x86.kt
101	52	Poland_x86.kt
101	53	Czech_x86.kt
101	54	Russia_x86.kt
101	55	Latvia_x86.kt
101	56	Turkey_x86.kt
101	57	Greece_x86.kt
101	59	Lithuania_x86.kt
101	1001	MS_US101A_x86.kt	# Choose1000+1
#
# Type 6 Keyboards (USB Keyboards)
#
6	0	US6.kt
6	3	Canada_Bi6.kt
6	4	Canada_Fr6.kt
6       5       Czech6.kt
6       6       Denmark6.kt
6	7	Finnish6.kt
6	8	France6.kt
6	9	Germany6.kt
6	10	Greece6.kt
6	12	Hungary6.kt
6	14	Italy6.kt
6	15	Japan7.kt
6	16	Korea6.kt
6	18	Netherland6.kt
6	19	Norway6.kt
6	21	Poland6.kt
6	22	Portugal6.kt
6	23	Russia6.kt
6	25	Spain6.kt
6	26	Sweden6.kt
6	27	Switzer_Fr6.kt
6	28	Switzer_Ge6.kt
6	30	Taiwan6.kt
6	32	UK6.kt
6	33	US6.kt
6	1	Arabic6.kt
6	2	Belgian6.kt
6	31	TurkeyQ6.kt
6	35	TurkeyF6.kt
# Additional keyboards
6       256     Slovenia6.kt
6       24      Slovakia6.kt
6       257     SerbiaandMontenegro6.kt
6       258     Iceland6.kt
6       259     Croatia6.kt
6       260     Bulgaria6.kt
6       261     Belarus6.kt
6       262     Malta_US6.kt
6       263     Malta_UK6.kt
6       264     Albania6.kt
6       271     Japan6.kt
6       265     Lithuania6.kt
6	266     Latvia6.kt
6	267	Macedonia6.kt
6	268 	Portugal_Br6.kt
6	269	Romania6.kt
6	272	Brazil6.kt
